// Jest Snapshot v1, https://goo.gl/fbAQLP

exports[`themes >> systemPressable Render system pressable Should render system pressable correctly with children 1`] = `
<View
  accessible={true}
  collapsable={false}
  focusable={true}
  onBlur={[Function]}
  onClick={[Function]}
  onFocus={[Function]}
  onResponderGrant={[Function]}
  onResponderMove={[Function]}
  onResponderRelease={[Function]}
  onResponderTerminate={[Function]}
  onResponderTerminationRequest={[Function]}
  onStartShouldSetResponder={[Function]}
  style={
    Array [
      Object {},
    ]
  }
>
  <Text
    style={
      Array [
        Object {
          "display": "flex",
        },
      ]
    }
  >
    System Pressable
  </Text>
</View>
`;
