// Jest Snapshot v1, https://goo.gl/fbAQLP

exports[`components >> draft story card  Given user has progressed through 50% of recording Should render progress bar of half way 1`] = `
<View
  style={
    Array [
      Object {
        "display": "flex",
      },
      Array [
        Object {
          "elevation": 2,
          "shadowColor": "#282828",
          "shadowOffset": Object {
            "height": 3,
            "width": 0,
          },
          "shadowOpacity": 0.05,
          "shadowRadius": 10,
        },
      ],
    ]
  }
>
  <View
    accessible={true}
    collapsable={false}
    focusable={true}
    onClick={[Function]}
    onResponderGrant={[Function]}
    onResponderMove={[Function]}
    onResponderRelease={[Function]}
    onResponderTerminate={[Function]}
    onResponderTerminationRequest={[Function]}
    onStartShouldSetResponder={[Function]}
    style={
      Object {
        "alignContent": "center",
        "alignItems": "center",
        "backgroundColor": "#ffffff",
        "borderColor": "#2828281e",
        "borderRadius": 8,
        "borderWidth": 1,
        "flexDirection": "row",
        "justifyContent": "space-between",
        "opacity": 1,
        "overflow": "hidden",
        "paddingBottom": 8,
      }
    }
  >
    <View
      style={
        Array [
          Object {
            "alignItems": "center",
            "display": "flex",
            "flexDirection": "row",
            "marginBottom": 8,
            "marginLeft": 8,
            "paddingTop": 8,
          },
          Array [
            Object {},
          ],
        ]
      }
    >
      <View
        style={
          Array [
            Object {
              "backgroundColor": "#EFEFEF",
              "borderRadius": 16,
              "display": "flex",
              "marginRight": 16,
              "padding": 8,
            },
            Array [
              Object {},
            ],
          ]
        }
        testID="pencil-icon"
      >
        <RNSVGSvgView
          align="xMidYMid"
          bbHeight={16}
          bbWidth={16}
          fill="#67B6A8"
          focusable={false}
          height={16}
          meetOrSlice={0}
          minX={0}
          minY={0}
          secondaryFill={null}
          secondaryOpacity={0.4}
          style={
            Array [
              Object {
                "backgroundColor": "transparent",
                "borderWidth": 0,
              },
              Object {},
              Object {
                "flex": 0,
                "height": 16,
                "width": 16,
              },
            ]
          }
          vbHeight={512}
          vbWidth={512}
          width={16}
        >
          <RNSVGGroup
            fill={4284987048}
            propList={
              Array [
                "fill",
              ]
            }
          >
            <RNSVGPath
              d="M497.9 142.1l-46.1 46.1c-4.7 4.7-12.3 4.7-17 0l-111-111c-4.7-4.7-4.7-12.3 0-17l46.1-46.1c18.7-18.7 49.1-18.7 67.9 0l60.1 60.1c18.8 18.7 18.8 49.1 0 67.9zM284.2 99.8L21.6 362.4.4 483.9c-2.9 16.4 11.4 30.6 27.8 27.8l121.5-21.3 262.6-262.6c4.7-4.7 4.7-12.3 0-17l-111-111c-4.8-4.7-12.4-4.7-17.1 0zM124.1 339.9c-5.5-5.5-5.5-14.3 0-19.8l154-154c5.5-5.5 14.3-5.5 19.8 0s5.5 14.3 0 19.8l-154 154c-5.5 5.5-14.3 5.5-19.8 0zM88 424h48v36.3l-64.5 11.3-31.1-31.1L51.7 376H88v48z"
              fill={4284987048}
              fillOpacity={1}
              propList={
                Array [
                  "fill",
                  "fillOpacity",
                ]
              }
            />
          </RNSVGGroup>
        </RNSVGSvgView>
      </View>
      <View
        style={
          Array [
            Object {
              "display": "flex",
            },
            Array [
              Object {},
            ],
          ]
        }
      >
        <Text
          numberOfLines={1}
          style={
            Array [
              Object {
                "color": "#282828",
                "display": "flex",
                "fontFamily": "SFUIText-Semibold",
                "fontSize": 16,
                "lineHeight": 24,
              },
            ]
          }
        >
          This is a test topic
        </Text>
        <Text
          numberOfLines={1}
          style={
            Array [
              Object {
                "color": "#282828",
                "display": "flex",
                "fontFamily": "SFUIDisplay-Regular",
                "fontSize": 14,
                "lineHeight": 20,
              },
            ]
          }
        >
          Test Title
        </Text>
      </View>
    </View>
    <View
      accessibilityLabel="Draft story more options"
      accessible={true}
      collapsable={false}
      focusable={true}
      onBlur={[Function]}
      onClick={[Function]}
      onFocus={[Function]}
      onResponderGrant={[Function]}
      onResponderMove={[Function]}
      onResponderRelease={[Function]}
      onResponderTerminate={[Function]}
      onResponderTerminationRequest={[Function]}
      onStartShouldSetResponder={[Function]}
      style={
        Array [
          Object {
            "paddingBottom": 16,
            "paddingTop": 16,
          },
        ]
      }
    >
      <RNSVGSvgView
        align="xMidYMid"
        bbHeight={20}
        bbWidth={20}
        fill="#67B6A8"
        focusable={false}
        height={20}
        meetOrSlice={0}
        minX={0}
        minY={0}
        secondaryFill={null}
        secondaryOpacity={0.4}
        size={20}
        style={
          Array [
            Object {
              "backgroundColor": "transparent",
              "borderWidth": 0,
            },
            Object {
              "marginRight": 16,
            },
            Object {
              "flex": 0,
              "height": 20,
              "width": 20,
            },
          ]
        }
        testID="ellipsis-icon"
        vbHeight={512}
        vbWidth={192}
        width={20}
      >
        <RNSVGGroup
          fill={4284987048}
          propList={
            Array [
              "fill",
            ]
          }
        >
          <RNSVGPath
            d="M96 184c39.8 0 72 32.2 72 72s-32.2 72-72 72-72-32.2-72-72 32.2-72 72-72zM24 80c0 39.8 32.2 72 72 72s72-32.2 72-72S135.8 8 96 8 24 40.2 24 80zm0 352c0 39.8 32.2 72 72 72s72-32.2 72-72-32.2-72-72-72-72 32.2-72 72z"
            fill={4284987048}
            fillOpacity={1}
            propList={
              Array [
                "fill",
                "fillOpacity",
              ]
            }
          />
        </RNSVGGroup>
      </RNSVGSvgView>
    </View>
    <View
      style={
        Array [
          Object {
            "backgroundColor": "#D94E69",
            "bottom": 0,
            "display": "flex",
            "position": "absolute",
            "width": "100%",
          },
          Array [
            Object {},
          ],
        ]
      }
    >
      <View>
        <View
          collapsable={false}
          style={
            Object {
              "backgroundColor": "#CBCBCB",
              "borderRadius": 4,
              "height": 3.5,
              "overflow": "hidden",
              "width": "100%",
            }
          }
        >
          <View
            collapsable={false}
            style={
              Object {
                "backgroundColor": "#67B6A8",
                "borderRadius": 1.75,
                "flex": 1,
                "width": "0%",
              }
            }
          />
        </View>
      </View>
    </View>
  </View>
</View>
`;

exports[`components >> draft story card  Should match snapshot correctly 1`] = `
<View
  style={
    Array [
      Object {
        "display": "flex",
      },
      Array [
        Object {
          "elevation": 2,
          "shadowColor": "#282828",
          "shadowOffset": Object {
            "height": 3,
            "width": 0,
          },
          "shadowOpacity": 0.05,
          "shadowRadius": 10,
        },
      ],
    ]
  }
>
  <View
    accessible={true}
    collapsable={false}
    focusable={true}
    onClick={[Function]}
    onResponderGrant={[Function]}
    onResponderMove={[Function]}
    onResponderRelease={[Function]}
    onResponderTerminate={[Function]}
    onResponderTerminationRequest={[Function]}
    onStartShouldSetResponder={[Function]}
    style={
      Object {
        "alignContent": "center",
        "alignItems": "center",
        "backgroundColor": "#ffffff",
        "borderColor": "#2828281e",
        "borderRadius": 8,
        "borderWidth": 1,
        "flexDirection": "row",
        "justifyContent": "space-between",
        "opacity": 1,
        "overflow": "hidden",
        "paddingBottom": 8,
      }
    }
  >
    <View
      style={
        Array [
          Object {
            "alignItems": "center",
            "display": "flex",
            "flexDirection": "row",
            "marginBottom": 8,
            "marginLeft": 8,
            "paddingTop": 8,
          },
          Array [
            Object {},
          ],
        ]
      }
    >
      <View
        style={
          Array [
            Object {
              "backgroundColor": "#EFEFEF",
              "borderRadius": 16,
              "display": "flex",
              "marginRight": 16,
              "padding": 8,
            },
            Array [
              Object {},
            ],
          ]
        }
        testID="pencil-icon"
      >
        <RNSVGSvgView
          align="xMidYMid"
          bbHeight={16}
          bbWidth={16}
          fill="#67B6A8"
          focusable={false}
          height={16}
          meetOrSlice={0}
          minX={0}
          minY={0}
          secondaryFill={null}
          secondaryOpacity={0.4}
          style={
            Array [
              Object {
                "backgroundColor": "transparent",
                "borderWidth": 0,
              },
              Object {},
              Object {
                "flex": 0,
                "height": 16,
                "width": 16,
              },
            ]
          }
          vbHeight={512}
          vbWidth={512}
          width={16}
        >
          <RNSVGGroup
            fill={4284987048}
            propList={
              Array [
                "fill",
              ]
            }
          >
            <RNSVGPath
              d="M497.9 142.1l-46.1 46.1c-4.7 4.7-12.3 4.7-17 0l-111-111c-4.7-4.7-4.7-12.3 0-17l46.1-46.1c18.7-18.7 49.1-18.7 67.9 0l60.1 60.1c18.8 18.7 18.8 49.1 0 67.9zM284.2 99.8L21.6 362.4.4 483.9c-2.9 16.4 11.4 30.6 27.8 27.8l121.5-21.3 262.6-262.6c4.7-4.7 4.7-12.3 0-17l-111-111c-4.8-4.7-12.4-4.7-17.1 0zM124.1 339.9c-5.5-5.5-5.5-14.3 0-19.8l154-154c5.5-5.5 14.3-5.5 19.8 0s5.5 14.3 0 19.8l-154 154c-5.5 5.5-14.3 5.5-19.8 0zM88 424h48v36.3l-64.5 11.3-31.1-31.1L51.7 376H88v48z"
              fill={4284987048}
              fillOpacity={1}
              propList={
                Array [
                  "fill",
                  "fillOpacity",
                ]
              }
            />
          </RNSVGGroup>
        </RNSVGSvgView>
      </View>
      <View
        style={
          Array [
            Object {
              "display": "flex",
            },
            Array [
              Object {},
            ],
          ]
        }
      >
        <Text
          numberOfLines={1}
          style={
            Array [
              Object {
                "color": "#282828",
                "display": "flex",
                "fontFamily": "SFUIText-Semibold",
                "fontSize": 16,
                "lineHeight": 24,
              },
            ]
          }
        >
          This is a test topic
        </Text>
        <Text
          numberOfLines={1}
          style={
            Array [
              Object {
                "color": "#282828",
                "display": "flex",
                "fontFamily": "SFUIDisplay-Regular",
                "fontSize": 14,
                "lineHeight": 20,
              },
            ]
          }
        >
          Test Title
        </Text>
      </View>
    </View>
    <View
      accessibilityLabel="Draft story more options"
      accessible={true}
      collapsable={false}
      focusable={true}
      onBlur={[Function]}
      onClick={[Function]}
      onFocus={[Function]}
      onResponderGrant={[Function]}
      onResponderMove={[Function]}
      onResponderRelease={[Function]}
      onResponderTerminate={[Function]}
      onResponderTerminationRequest={[Function]}
      onStartShouldSetResponder={[Function]}
      style={
        Array [
          Object {
            "paddingBottom": 16,
            "paddingTop": 16,
          },
        ]
      }
    >
      <RNSVGSvgView
        align="xMidYMid"
        bbHeight={20}
        bbWidth={20}
        fill="#67B6A8"
        focusable={false}
        height={20}
        meetOrSlice={0}
        minX={0}
        minY={0}
        secondaryFill={null}
        secondaryOpacity={0.4}
        size={20}
        style={
          Array [
            Object {
              "backgroundColor": "transparent",
              "borderWidth": 0,
            },
            Object {
              "marginRight": 16,
            },
            Object {
              "flex": 0,
              "height": 20,
              "width": 20,
            },
          ]
        }
        testID="ellipsis-icon"
        vbHeight={512}
        vbWidth={192}
        width={20}
      >
        <RNSVGGroup
          fill={4284987048}
          propList={
            Array [
              "fill",
            ]
          }
        >
          <RNSVGPath
            d="M96 184c39.8 0 72 32.2 72 72s-32.2 72-72 72-72-32.2-72-72 32.2-72 72-72zM24 80c0 39.8 32.2 72 72 72s72-32.2 72-72S135.8 8 96 8 24 40.2 24 80zm0 352c0 39.8 32.2 72 72 72s72-32.2 72-72-32.2-72-72-72-72 32.2-72 72z"
            fill={4284987048}
            fillOpacity={1}
            propList={
              Array [
                "fill",
                "fillOpacity",
              ]
            }
          />
        </RNSVGGroup>
      </RNSVGSvgView>
    </View>
    <View
      style={
        Array [
          Object {
            "backgroundColor": "#D94E69",
            "bottom": 0,
            "display": "flex",
            "position": "absolute",
            "width": "100%",
          },
          Array [
            Object {},
          ],
        ]
      }
    >
      <View>
        <View
          collapsable={false}
          style={
            Object {
              "backgroundColor": "#CBCBCB",
              "borderRadius": 4,
              "height": 3.5,
              "overflow": "hidden",
              "width": "100%",
            }
          }
        >
          <View
            collapsable={false}
            style={
              Object {
                "backgroundColor": "#67B6A8",
                "borderRadius": 1.75,
                "flex": 1,
                "width": "0%",
              }
            }
          />
        </View>
      </View>
    </View>
  </View>
</View>
`;
