// Jest Snapshot v1, https://goo.gl/fbAQLP

exports[`themes >> systemButton Render system button Should render system button correctly with children 1`] = `
<View
  accessible={true}
  collapsable={false}
  focusable={false}
  onClick={[Function]}
  onResponderGrant={[Function]}
  onResponderMove={[Function]}
  onResponderRelease={[Function]}
  onResponderTerminate={[Function]}
  onResponderTerminationRequest={[Function]}
  onStartShouldSetResponder={[Function]}
  style={
    Object {
      "opacity": 1,
    }
  }
>
  <Text
    style={
      Array [
        Object {
          "display": "flex",
        },
      ]
    }
  >
    System button
  </Text>
</View>
`;
