// Jest Snapshot v1, https://goo.gl/fbAQLP

exports[`components >> onBoardingContent Should match snapshot 1`] = `
<View
  style={
    Array [
      Object {
        "alignContent": "center",
        "alignItems": "center",
        "display": "flex",
        "flex": 1,
        "justifyContent": "space-evenly",
      },
      Array [
        Object {},
      ],
    ]
  }
>
  <View
    style={
      Array [
        Object {
          "alignItems": "center",
          "display": "flex",
          "flex": 2,
          "justifyContent": "center",
          "width": "100%",
        },
        Array [
          Object {},
        ],
      ]
    }
  >
    <Text
      style={
        Array [
          Object {
            "display": "flex",
          },
        ]
      }
    >
      Test child
    </Text>
  </View>
  <View
    style={
      Array [
        Object {
          "alignItems": "center",
          "display": "flex",
          "flex": 1,
          "width": "100%",
        },
        Array [
          Object {},
        ],
      ]
    }
  >
    <Text
      style={
        Array [
          Object {
            "color": "#282828",
            "display": "flex",
            "fontFamily": "SFUIText-Bold",
            "fontSize": 32,
            "lineHeight": 40,
            "marginTop": 40,
          },
        ]
      }
    >
      Test title
    </Text>
    <Text
      style={
        Array [
          Object {
            "color": "#282828",
            "display": "flex",
            "fontFamily": "SFUIDisplay-Regular",
            "fontSize": 18,
            "lineHeight": 20,
            "marginTop": 16,
            "paddingHorizontal": 8,
            "textAlign": "center",
          },
        ]
      }
    >
      This is a test description
    </Text>
    <View
      style={
        Array [
          Object {
            "alignSelf": "flex-end",
            "display": "flex",
          },
          Array [
            Object {},
          ],
        ]
      }
    >
      <View
        accessible={true}
        collapsable={false}
        focusable={true}
        onBlur={[Function]}
        onClick={[Function]}
        onFocus={[Function]}
        onResponderGrant={[Function]}
        onResponderMove={[Function]}
        onResponderRelease={[Function]}
        onResponderTerminate={[Function]}
        onResponderTerminationRequest={[Function]}
        onStartShouldSetResponder={[Function]}
        testID="testId"
      >
        <Text
          style={
            Array [
              Object {
                "color": "#282828",
                "display": "flex",
                "fontFamily": "SFUIText-Semibold",
                "fontSize": 16,
                "fontStyle": "italic",
                "lineHeight": 24,
                "padding": 40,
              },
            ]
          }
        >
          Tap next
        </Text>
      </View>
    </View>
  </View>
</View>
`;
