// Jest Snapshot v1, https://goo.gl/fbAQLP

exports[`components >> theme card  Should match snapshot correctly 1`] = `
<View
  accessible={true}
  collapsable={false}
  focusable={true}
  onClick={[Function]}
  onResponderGrant={[Function]}
  onResponderMove={[Function]}
  onResponderRelease={[Function]}
  onResponderTerminate={[Function]}
  onResponderTerminationRequest={[Function]}
  onStartShouldSetResponder={[Function]}
  style={
    Object {
      "alignContent": "space-between",
      "backgroundColor": "#F1ECE5",
      "borderRadius": 16,
      "opacity": 1,
    }
  }
>
  <View
    style={
      Array [
        Object {
          "display": "flex",
        },
        Array [
          Object {},
        ],
      ]
    }
  >
    <View
      style={
        Array [
          Object {
            "display": "flex",
            "marginLeft": 8,
          },
          Array [
            Object {},
          ],
        ]
      }
    >
      <View
        style={
          Array [
            Object {
              "alignSelf": "flex-end",
              "display": "flex",
              "paddingRight": 16,
              "paddingTop": 8,
            },
            Array [
              Object {},
            ],
          ]
        }
      >
        <Text
          style={
            Array [
              Object {
                "color": "#282828",
                "display": "flex",
                "fontFamily": "SFUIText-Regular",
                "fontSize": 20,
                "lineHeight": 24,
              },
            ]
          }
        >
          Test Title
        </Text>
      </View>
    </View>
    <View
      style={
        Array [
          Object {
            "alignContent": "center",
            "borderRadius": 16,
            "display": "flex",
            "overflow": "hidden",
          },
          Array [
            Object {},
          ],
        ]
      }
    >
      <View
        style={
          Array [
            Object {
              "overflow": "hidden",
            },
            Array [
              Object {
                "borderBottomLeftRadius": 8,
                "borderTopLeftRadius": 8,
                "height": 100,
                "width": 100,
              },
            ],
          ]
        }
      >
        <FastImageView
          resizeMode="cover"
          source={
            Object {
              "priority": "high",
              "uri": "https://picsum.photos/id/237/200/300",
            }
          }
          style={
            Object {
              "bottom": 0,
              "left": 0,
              "position": "absolute",
              "right": 0,
              "top": 0,
            }
          }
        />
      </View>
    </View>
  </View>
</View>
`;
